// Jest Snapshot v1, https://goo.gl/fbAQLP

exports[`Pruebas en <GifItem.jsx/> Debe hacer match con el snapshot 1`] = `
<div>
  <div
    class="card"
  >
    <img
      alt="Luffy"
      src="https://one-piece.com/luffy.jpg"
    />
    <p>
      Luffy
    </p>
  </div>
</div>
`;
